;***********************************************************
[loading]

map.type=animate

picture=static,,"@logo.jpg",0,0

map.left=440
map.top=460

sprite=animate,"progress","@objects.map:progress"
label=label,"label","@fonts.map:smallfont",10,20,"ÇÀÃĞÓÇÊÀ"

;***********************************************************
[loser]

map.type=animate

picture=static,,"@logo.jpg",0,0

map.left=290
map.top=170

picture=static,,"@loser.png",0,0
label=label,"label","@fonts.map:smallfont",120,110,"ÍÀÁĞÀÍÎ Î×ÊÎÂ:"
label=label,"text","@fonts.map:smallfont",120,130,""

;***********************************************************
[winner]

map.type=animate

picture=static,,"@logo.jpg",0,0

map.left=290
map.top=170

picture=static,,"@winner.png",0,0
label=label,"label","@fonts.map:smallfont",170,110,"ÍÀÁĞÀÍÎ Î×ÊÎÂ:"
label=label,"text","@fonts.map:smallfont",170,130,""

;***********************************************************
[status]

map.type=animate

map.left=192
map.top=484

status=status,"diamond","@status.map:dimond_status",0
status=status,"star","@status.map:star_status",64
status=status,"bucket","@status.map:bucket_status",128
status=status,"bomb","@status.map:bomb_status",192
status=status,"mine","@status.map:mine_status",256
status=status,"life","@status.map:life_status",320
status=status,"score","@status.map:score_status",384
status=status,"level","@status.map:level_status",512

;***********************************************************
[pause]

map.type=animate

map.left=400
map.top=200

sprite=static,,"@animate.map:pause_window"
sprite=animate,"hero","@animate.map:pause_hero",10,2

;***********************************************************

[pause_window]

map.type=linear:auto
map.link=@pause.png
map.rows=1
map.cols=1
map.left=0
map.top=36
map.width=140
map.height=42

;***********************************************************

[pause_hero]

map.type=linear:auto
map.link=@pause.png
map.rows=1
map.cols=12
map.left=0
map.top=0
map.width=432
map.height=36

;***********************************************************
