;***********************************************************
[progress]

map.type=linear:auto
map.link=@progress.png
map.rows=6
map.cols=1

;***********************************************************
[hero]

map.type=layered:auto
map.link=@hero.png
map.rows=9
map.cols=4

;***********************************************************
[ghost]

map.type=layered:auto
map.link=@ghost.png
map.rows=6
map.cols=4

;***********************************************************
[diamond]

map.type=linear:auto
map.link=@objects.png
map.rows=1
map.cols=8
map.left=0
map.top=0
map.width=256
map.height=32

;***********************************************************
[fire]

map.type=linear:auto
map.link=@objects.png
map.rows=1
map.cols=8
map.left=0
map.top=32
map.width=256
map.height=32

;***********************************************************
[star]

map.type=linear:auto
map.link=@objects.png
map.rows=1
map.cols=8
map.left=0
map.top=64
map.width=256
map.height=32

;***********************************************************
[bonus]

map.type=linear:auto
map.link=@objects.png
map.rows=1
map.cols=8
map.left=0
map.top=96
map.width=256
map.height=32

;***********************************************************
[key]

map.type=linear:auto
map.link=@objects.png
map.rows=1
map.cols=8
map.left=0
map.top=128
map.width=256
map.height=32

;***********************************************************
[port]

map.type=linear:auto
map.link=@objects.png
map.rows=1
map.cols=8
map.left=0
map.top=160
map.width=256
map.height=32

;***********************************************************
[power]

map.type=linear:auto
map.link=@objects.png
map.rows=1
map.cols=8
map.left=0
map.top=192
map.width=256
map.height=32

;***********************************************************
[bomb]

map.type=linear:auto
map.link=@objects.png
map.rows=1
map.cols=8
map.left=0
map.top=224
map.width=256
map.height=32

;***********************************************************
[waitbomb]

map.type=linear:auto
map.link=@objects.png
map.rows=1
map.cols=8
map.left=0
map.top=256
map.width=256
map.height=32

;***********************************************************
[explose]

map.type=linear:auto
map.link=@objects.png
map.rows=1
map.cols=8
map.left=0
map.top=288
map.width=256
map.height=32

;***********************************************************
[water]

map.type=linear:auto
map.link=@objects.png
map.rows=1
map.cols=8
map.left=0
map.top=320
map.width=256
map.height=32

;***********************************************************
[bucket]

map.type=linear:auto
map.link=@objects.png
map.rows=1
map.cols=8
map.left=0
map.top=352
map.width=256
map.height=32

;***********************************************************
[mine]

map.type=linear:auto
map.link=@objects.png
map.rows=1
map.cols=8
map.left=0
map.top=384
map.width=256
map.height=32

;***********************************************************
[waitmine]

map.type=linear:auto
map.link=@objects.png
map.rows=1
map.cols=8
map.left=0
map.top=416
map.width=256
map.height=32

;***********************************************************
[life]

map.type=linear:auto
map.link=@objects.png
map.rows=1
map.cols=8
map.left=0
map.top=448
map.width=256
map.height=32

;***********************************************************
[earth]

map.type=linear:auto
map.link=@objects.png
map.rows=1
map.cols=1
map.left=0
map.top=480
map.width=32
map.height=32

;***********************************************************
[stoune]

map.type=linear:auto
map.link=@objects.png
map.rows=1
map.cols=1
map.left=32
map.top=480
map.width=32
map.height=32

;***********************************************************
[hedge]

map.type=linear:auto
map.link=@objects.png
map.rows=1
map.cols=1
map.left=160
map.top=480
map.width=32
map.height=32

;***********************************************************
[wood]

map.type=linear:auto
map.link=@objects.png
map.rows=1
map.cols=1
map.left=64
map.top=480
map.width=32
map.height=32

;***********************************************************
[opendoor]

map.type=linear:auto
map.link=@objects.png
map.rows=1
map.cols=1
map.left=96
map.top=480
map.width=32
map.height=32

;***********************************************************
[closedoor]

map.type=linear:auto
map.link=@objects.png
map.rows=1
map.cols=1
map.left=128
map.top=480
map.width=32
map.height=32

;***********************************************************
