;***********************************************************
[dimond_status]

map.type=linear:auto
map.link=@objects.png
map.rows=1
map.cols=1
map.left=0
map.top=512
map.width=64
map.height=32

;***********************************************************
[star_status]

map.type=linear:auto
map.link=@objects.png
map.rows=1
map.cols=1
map.left=0
map.top=544
map.width=64
map.height=32

;***********************************************************
[bucket_status]

map.type=linear:auto
map.link=@objects.png
map.rows=1
map.cols=1
map.left=128
map.top=512
map.width=64
map.height=32

;***********************************************************
[bomb_status]

map.type=linear:auto
map.link=@objects.png
map.rows=1
map.cols=1
map.left=64
map.top=512
map.width=64
map.height=32

;***********************************************************
[mine_status]

map.type=linear:auto
map.link=@objects.png
map.rows=1
map.cols=1
map.left=192
map.top=512
map.width=64
map.height=32

;***********************************************************
[life_status]

map.type=linear:auto
map.link=@objects.png
map.rows=1
map.cols=1
map.left=64
map.top=544
map.width=64
map.height=32

;***********************************************************
[score_status]

map.type=linear:auto
map.link=@objects.png
map.rows=1
map.cols=1
map.left=128
map.top=544
map.width=128
map.height=32

;***********************************************************
[level_status]

map.type=linear:auto
map.link=@objects.png
map.rows=1
map.cols=1
map.left=192
map.top=480
map.width=64
map.height=32

;***********************************************************
